// Jest Snapshot v1, https://goo.gl/fbAQLP

exports[`renders matches snapshot 1`] = `
<DocumentFragment>
  <div>
    <p
      class="title my-3"
    >
      No items in your cart!
    </p>
  </div>
</DocumentFragment>
`;
